Testing Supabase Connection...
URL: Set
Key: Set
node.exe : Supabase 
Error: { message: '' 
}
At line:1 char:1
+ & "C:\Program Files
\nodejs/node.exe" 
"C:\Program 
Files\nodejs/node_mo 
...
+ ~~~~~~~~~~~~~~~~~~~
~~~~~~~~~~~~~~~~~~~~~
~~~~~~~~~~~~~~~~~~~~~
~~~~~~~~
    + CategoryInfo   
           : NotSpe  
  cified: (Supabas   
 e Error: { messa    
ge: '' }:String)     
[], RemoteExcep    
tion
    + FullyQualified 
   ErrorId : Native  
  CommandError
 
